Archive member included to satisfy reference by file (symbol)

c:/ac6/systemworkbench/plugins/fr.ac6.mcu.externaltools.arm-none.win32_1.17.0.201812190825/tools/compiler/bin/../lib/gcc/arm-none-eabi/7.3.1/../../../../arm-none-eabi/lib/thumb/v7-m\libc.a(lib_a-errno.o)
                              src/syscalls.o (__errno)
c:/ac6/systemworkbench/plugins/fr.ac6.mcu.externaltools.arm-none.win32_1.17.0.201812190825/tools/compiler/bin/../lib/gcc/arm-none-eabi/7.3.1/../../../../arm-none-eabi/lib/thumb/v7-m\libc.a(lib_a-exit.o)
                              c:/ac6/systemworkbench/plugins/fr.ac6.mcu.externaltools.arm-none.win32_1.17.0.201812190825/tools/compiler/bin/../lib/gcc/arm-none-eabi/7.3.1/../../../../arm-none-eabi/lib/thumb/v7-m/crt0.o (exit)
c:/ac6/systemworkbench/plugins/fr.ac6.mcu.externaltools.arm-none.win32_1.17.0.201812190825/tools/compiler/bin/../lib/gcc/arm-none-eabi/7.3.1/../../../../arm-none-eabi/lib/thumb/v7-m\libc.a(lib_a-impure.o)
                              c:/ac6/systemworkbench/plugins/fr.ac6.mcu.externaltools.arm-none.win32_1.17.0.201812190825/tools/compiler/bin/../lib/gcc/arm-none-eabi/7.3.1/../../../../arm-none-eabi/lib/thumb/v7-m\libc.a(lib_a-exit.o) (_global_impure_ptr)
c:/ac6/systemworkbench/plugins/fr.ac6.mcu.externaltools.arm-none.win32_1.17.0.201812190825/tools/compiler/bin/../lib/gcc/arm-none-eabi/7.3.1/../../../../arm-none-eabi/lib/thumb/v7-m\libc.a(lib_a-init.o)
                              c:/ac6/systemworkbench/plugins/fr.ac6.mcu.externaltools.arm-none.win32_1.17.0.201812190825/tools/compiler/bin/../lib/gcc/arm-none-eabi/7.3.1/../../../../arm-none-eabi/lib/thumb/v7-m/crt0.o (__libc_init_array)
c:/ac6/systemworkbench/plugins/fr.ac6.mcu.externaltools.arm-none.win32_1.17.0.201812190825/tools/compiler/bin/../lib/gcc/arm-none-eabi/7.3.1/../../../../arm-none-eabi/lib/thumb/v7-m\libc.a(lib_a-itoa.o)
                              src/uart/uart.o (itoa)
c:/ac6/systemworkbench/plugins/fr.ac6.mcu.externaltools.arm-none.win32_1.17.0.201812190825/tools/compiler/bin/../lib/gcc/arm-none-eabi/7.3.1/../../../../arm-none-eabi/lib/thumb/v7-m\libc.a(lib_a-memset.o)
                              c:/ac6/systemworkbench/plugins/fr.ac6.mcu.externaltools.arm-none.win32_1.17.0.201812190825/tools/compiler/bin/../lib/gcc/arm-none-eabi/7.3.1/../../../../arm-none-eabi/lib/thumb/v7-m/crt0.o (memset)
c:/ac6/systemworkbench/plugins/fr.ac6.mcu.externaltools.arm-none.win32_1.17.0.201812190825/tools/compiler/bin/../lib/gcc/arm-none-eabi/7.3.1/../../../../arm-none-eabi/lib/thumb/v7-m\libc.a(lib_a-utoa.o)
                              c:/ac6/systemworkbench/plugins/fr.ac6.mcu.externaltools.arm-none.win32_1.17.0.201812190825/tools/compiler/bin/../lib/gcc/arm-none-eabi/7.3.1/../../../../arm-none-eabi/lib/thumb/v7-m\libc.a(lib_a-itoa.o) (__utoa)
c:/ac6/systemworkbench/plugins/fr.ac6.mcu.externaltools.arm-none.win32_1.17.0.201812190825/tools/compiler/bin/../lib/gcc/arm-none-eabi/7.3.1/../../../../arm-none-eabi/lib/thumb/v7-m\libc.a(lib_a-__call_atexit.o)
                              c:/ac6/systemworkbench/plugins/fr.ac6.mcu.externaltools.arm-none.win32_1.17.0.201812190825/tools/compiler/bin/../lib/gcc/arm-none-eabi/7.3.1/../../../../arm-none-eabi/lib/thumb/v7-m\libc.a(lib_a-exit.o) (__call_exitprocs)
c:/ac6/systemworkbench/plugins/fr.ac6.mcu.externaltools.arm-none.win32_1.17.0.201812190825/tools/compiler/bin/../lib/gcc/arm-none-eabi/7.3.1/../../../../arm-none-eabi/lib/thumb/v7-m\libc.a(lib_a-atexit.o)
                              c:/ac6/systemworkbench/plugins/fr.ac6.mcu.externaltools.arm-none.win32_1.17.0.201812190825/tools/compiler/bin/../lib/gcc/arm-none-eabi/7.3.1/../../../../arm-none-eabi/lib/thumb/v7-m\libc.a(lib_a-__call_atexit.o) (atexit)
c:/ac6/systemworkbench/plugins/fr.ac6.mcu.externaltools.arm-none.win32_1.17.0.201812190825/tools/compiler/bin/../lib/gcc/arm-none-eabi/7.3.1/../../../../arm-none-eabi/lib/thumb/v7-m\libc.a(lib_a-fini.o)
                              c:/ac6/systemworkbench/plugins/fr.ac6.mcu.externaltools.arm-none.win32_1.17.0.201812190825/tools/compiler/bin/../lib/gcc/arm-none-eabi/7.3.1/../../../../arm-none-eabi/lib/thumb/v7-m\libc.a(lib_a-__call_atexit.o) (__libc_fini_array)
c:/ac6/systemworkbench/plugins/fr.ac6.mcu.externaltools.arm-none.win32_1.17.0.201812190825/tools/compiler/bin/../lib/gcc/arm-none-eabi/7.3.1/../../../../arm-none-eabi/lib/thumb/v7-m\libc.a(lib_a-lock.o)
                              c:/ac6/systemworkbench/plugins/fr.ac6.mcu.externaltools.arm-none.win32_1.17.0.201812190825/tools/compiler/bin/../lib/gcc/arm-none-eabi/7.3.1/../../../../arm-none-eabi/lib/thumb/v7-m\libc.a(lib_a-__call_atexit.o) (__retarget_lock_acquire_recursive)
c:/ac6/systemworkbench/plugins/fr.ac6.mcu.externaltools.arm-none.win32_1.17.0.201812190825/tools/compiler/bin/../lib/gcc/arm-none-eabi/7.3.1/../../../../arm-none-eabi/lib/thumb/v7-m\libc.a(lib_a-__atexit.o)
[...]
Memory Configuration

Name             Origin             Length             Attributes
RAM              0x20000000         0x00005000         xrw
ROM              0x08001000         0x0000f000         xr
*default*        0x00000000         0xffffffff

Linker script and memory map

LOAD c:/ac6/systemworkbench/plugins/fr.ac6.mcu.externaltools.arm-none.win32_1.17.0.201812190825/tools/compiler/bin/../lib/gcc/arm-none-eabi/7.3.1/thumb/v7-m/crti.o
LOAD c:/ac6/systemworkbench/plugins/fr.ac6.mcu.externaltools.arm-none.win32_1.17.0.201812190825/tools/compiler/bin/../lib/gcc/arm-none-eabi/7.3.1/thumb/v7-m/crtbegin.o
LOAD c:/ac6/systemworkbench/plugins/fr.ac6.mcu.externaltools.arm-none.win32_1.17.0.201812190825/tools/compiler/bin/../lib/gcc/arm-none-eabi/7.3.1/../../../../arm-none-eabi/lib/thumb/v7-m/crt0.o
LOAD CMSIS/core/core_cm3.o
LOAD StdPeriph_Driver/src/misc.o
LOAD StdPeriph_Driver/src/stm32f10x_adc.o
LOAD StdPeriph_Driver/src/stm32f10x_bkp.o
LOAD StdPeriph_Driver/src/stm32f10x_can.o
LOAD StdPeriph_Driver/src/stm32f10x_cec.o
LOAD StdPeriph_Driver/src/stm32f10x_crc.o
LOAD StdPeriph_Driver/src/stm32f10x_dac.o
LOAD StdPeriph_Driver/src/stm32f10x_dbgmcu.o
LOAD StdPeriph_Driver/src/stm32f10x_dma.o
LOAD StdPeriph_Driver/src/stm32f10x_exti.o
LOAD StdPeriph_Driver/src/stm32f10x_flash.o
LOAD StdPeriph_Driver/src/stm32f10x_fsmc.o
LOAD StdPeriph_Driver/src/stm32f10x_gpio.o
LOAD StdPeriph_Driver/src/stm32f10x_i2c.o
LOAD StdPeriph_Driver/src/stm32f10x_iwdg.o
LOAD StdPeriph_Driver/src/stm32f10x_pwr.o
LOAD StdPeriph_Driver/src/stm32f10x_rcc.o
LOAD StdPeriph_Driver/src/stm32f10x_rtc.o
LOAD StdPeriph_Driver/src/stm32f10x_sdio.o
LOAD StdPeriph_Driver/src/stm32f10x_spi.o
LOAD StdPeriph_Driver/src/stm32f10x_tim.o
LOAD StdPeriph_Driver/src/stm32f10x_usart.o
LOAD StdPeriph_Driver/src/stm32f10x_wwdg.o
LOAD src/main.o
LOAD src/syscalls.o
LOAD src/system_stm32f10x.o
LOAD src/uart/playerHandler.o
LOAD src/uart/uart.o
LOAD startup/startup_stm32.o
LOAD c:/ac6/systemworkbench/plugins/fr.ac6.mcu.externaltools.arm-none.win32_1.17.0.201812190825/tools/compiler/bin/../lib/gcc/arm-none-eabi/7.3.1/../../../../arm-none-eabi/lib/thumb/v7-m\libm.a
START GROUP
LOAD c:/ac6/systemworkbench/plugins/fr.ac6.mcu.externaltools.arm-none.win32_1.17.0.201812190825/tools/compiler/bin/../lib/gcc/arm-none-eabi/7.3.1/thumb/v7-m\libgcc.a
LOAD c:/ac6/systemworkbench/plugins/fr.ac6.mcu.externaltools.arm-none.win32_1.17.0.201812190825/tools/compiler/bin/../lib/gcc/arm-none-eabi/7.3.1/../../../../arm-none-eabi/lib/thumb/v7-m\libc.a
END GROUP
LOAD c:/ac6/systemworkbench/plugins/fr.ac6.mcu.externaltools.arm-none.win32_1.17.0.201812190825/tools/compiler/bin/../lib/gcc/arm-none-eabi/7.3.1/thumb/v7-m/crtend.o
LOAD c:/ac6/systemworkbench/plugins/fr.ac6.mcu.externaltools.arm-none.win32_1.17.0.201812190825/tools/compiler/bin/../lib/gcc/arm-none-eabi/7.3.1/thumb/v7-m/crtn.o
                0x20005000                _estack = 0x20005000
                0x00000000                _Min_Heap_Size = 0x0
                0x00000400                _Min_Stack_Size = 0x400

.isr_vector     0x08001000      0x130
                0x08001000                . = ALIGN (0x4)
 *(.isr_vector)
 .isr_vector    0x08001000      0x130 startup/startup_stm32.o
                0x08001000                g_pfnVectors
                0x08001130                . = ALIGN (0x4)

.text           0x08001130     0x1940
                0x08001130                . = ALIGN (0x4)
 *(.text)
 .text          0x08001130       0x40 c:/ac6/systemworkbench/plugins/fr.ac6.mcu.externaltools.arm-none.win32_1.17.0.201812190825/tools/compiler/bin/../lib/gcc/arm-none-eabi/7.3.1/thumb/v7-m/crtbegin.o
 *(.text*)
 .text.NVIC_Init
                0x08001170       0xc4 StdPeriph_Driver/src/misc.o
                0x08001170                NVIC_Init
 .text.ADC_Init
                0x08001234       0xa4 StdPeriph_Driver/src/stm32f10x_adc.o
                0x08001234                ADC_Init
 .text.ADC_StructInit
                0x080012d8       0x36 StdPeriph_Driver/src/stm32f10x_adc.o
                0x080012d8                ADC_StructInit
 .text.ADC_Cmd  0x0800130e       0x36 StdPeriph_Driver/src/stm32f10x_adc.o
                0x0800130e                ADC_Cmd
 .text.ADC_ResetCalibration
                0x08001344       0x1e StdPeriph_Driver/src/stm32f10x_adc.o
                0x08001344                ADC_ResetCalibration
 .text.ADC_GetResetCalibrationStatus
                0x08001362       0x2e StdPeriph_Driver/src/stm32f10x_adc.o
                0x08001362                ADC_GetResetCalibrationStatus
 .text.ADC_StartCalibration
                0x08001390       0x1e StdPeriph_Driver/src/stm32f10x_adc.o
                0x08001390                ADC_StartCalibration
 .text.ADC_GetCalibrationStatus
                0x080013ae       0x2e StdPeriph_Driver/src/stm32f10x_adc.o
                0x080013ae                ADC_GetCalibrationStatus
 .text.ADC_SoftwareStartConvCmd
                0x080013dc       0x36 StdPeriph_Driver/src/stm32f10x_adc.o
                0x080013dc                ADC_SoftwareStartConvCmd
 .text.ADC_RegularChannelConfig
                0x08001412      0x192 StdPeriph_Driver/src/stm32f10x_adc.o
                0x08001412                ADC_RegularChannelConfig
 .text.ADC_GetConversionValue
                0x080015a4       0x18 StdPeriph_Driver/src/stm32f10x_adc.o
                0x080015a4                ADC_GetConversionValue
 .text.ADC_GetFlagStatus
                0x080015bc       0x32 StdPeriph_Driver/src/stm32f10x_adc.o
                0x080015bc                ADC_GetFlagStatus
 .text.GPIO_Init
                0x080015ee      0x178 StdPeriph_Driver/src/stm32f10x_gpio.o
                0x080015ee                GPIO_Init
 .text.GPIO_StructInit
                0x08001766       0x26 StdPeriph_Driver/src/stm32f10x_gpio.o
                0x08001766                GPIO_StructInit
 .text.GPIO_ReadInputDataBit
                0x0800178c       0x32 StdPeriph_Driver/src/stm32f10x_gpio.o
                0x0800178c                GPIO_ReadInputDataBit
 .text.GPIO_SetBits
                0x080017be       0x1c StdPeriph_Driver/src/stm32f10x_gpio.o
                0x080017be                GPIO_SetBits
 .text.GPIO_ResetBits
                0x080017da       0x1c StdPeriph_Driver/src/stm32f10x_gpio.o
                0x080017da                GPIO_ResetBits
 *fill*         0x080017f6        0x2 
 .text.RCC_ADCCLKConfig
                0x080017f8       0x38 StdPeriph_Driver/src/stm32f10x_rcc.o
                0x080017f8                RCC_ADCCLKConfig
 .text.RCC_GetClocksFreq
                0x08001830      0x160 StdPeriph_Driver/src/stm32f10x_rcc.o
                0x08001830                RCC_GetClocksFreq
 .text.RCC_APB2PeriphClockCmd
                0x08001990       0x3c StdPeriph_Driver/src/stm32f10x_rcc.o
                0x08001990                RCC_APB2PeriphClockCmd
 .text.RCC_APB1PeriphClockCmd
                0x080019cc       0x3c StdPeriph_Driver/src/stm32f10x_rcc.o
                0x080019cc                RCC_APB1PeriphClockCmd
 .text.TIM_TimeBaseInit
                0x08001a08       0xf8 StdPeriph_Driver/src/stm32f10x_tim.o
                0x08001a08                TIM_TimeBaseInit
 .text.TIM_OC1Init
                0x08001b00      0x118 StdPeriph_Driver/src/stm32f10x_tim.o
                0x08001b00                TIM_OC1Init
 .text.TIM_OC2Init
                0x08001c18      0x110 StdPeriph_Driver/src/stm32f10x_tim.o
                0x08001c18                TIM_OC2Init
 .text.TIM_TimeBaseStructInit
                0x08001d28       0x32 StdPeriph_Driver/src/stm32f10x_tim.o
                0x08001d28                TIM_TimeBaseStructInit
 .text.TIM_OCStructInit
                0x08001d5a       0x42 StdPeriph_Driver/src/stm32f10x_tim.o
                0x08001d5a                TIM_OCStructInit
 .text.TIM_Cmd  0x08001d9c       0x3e StdPeriph_Driver/src/stm32f10x_tim.o
                0x08001d9c                TIM_Cmd
 .text.TIM_SetCompare1
                0x08001dda       0x1c StdPeriph_Driver/src/stm32f10x_tim.o
                0x08001dda                TIM_SetCompare1
 .text.TIM_SetCompare2
                0x08001df6       0x1c StdPeriph_Driver/src/stm32f10x_tim.o
                0x08001df6                TIM_SetCompare2
 *fill*         0x08001e12        0x2 
 .text.USART_Init
                0x08001e14      0x174 StdPeriph_Driver/src/stm32f10x_usart.o
                0x08001e14                USART_Init
 .text.USART_StructInit
                0x08001f88       0x38 StdPeriph_Driver/src/stm32f10x_usart.o
                0x08001f88                USART_StructInit
 .text.USART_Cmd
                0x08001fc0       0x3e StdPeriph_Driver/src/stm32f10x_usart.o
                0x08001fc0                USART_Cmd
 *fill*         0x08001ffe        0x2 
 .text.NVIC_SetPriority
                0x08002000       0x54 src/main.o
 .text.SysTick_Config
                0x08002054       0x44 src/main.o
 .text.SysTick_Handler
                0x08002098       0x24 src/main.o
                0x08002098                SysTick_Handler
 .text.left_forward
                0x080020bc       0x38 src/main.o
                0x080020bc                left_forward
 .text.right_forward
                0x080020f4       0x38 src/main.o
                0x080020f4                right_forward
 .text.right_stop_fast
                0x0800212c       0x20 src/main.o
                0x0800212c                right_stop_fast
 .text.left_stop_fast
                0x0800214c       0x20 src/main.o
                0x0800214c                left_stop_fast
 .text.right_back
                0x0800216c       0x38 src/main.o
                0x0800216c                right_back
 .text.left_back
                0x080021a4       0x38 src/main.o
                0x080021a4                left_back
 .text.adc_read
                0x080021dc       0x44 src/main.o
                0x080021dc                adc_read
 .text.adc_init
                0x08002220       0x94 src/main.o
                0x08002220                adc_init
 .text.DC_init  0x080022b4       0xb0 src/main.o
                0x080022b4                DC_init
 .text.pwm_init
                0x08002364       0x7c src/main.o
                0x08002364                pwm_init
 .text.main     0x080023e0      0x2c8 src/main.o
                0x080023e0                main
 .text.SystemInit
                0x080026a8       0x6c src/system_stm32f10x.o
                0x080026a8                SystemInit
 .text.SetSysClock
                0x08002714        0xc src/system_stm32f10x.o
 .text.SetSysClockTo72
                0x08002720      0x100 src/system_stm32f10x.o
 .text.uart_init
                0x08002820       0x80 src/uart/uart.o
                0x08002820                uart_init
 .text.Reset_Handler
                0x080028a0       0x50 startup/startup_stm32.o
                0x080028a0                Reset_Handler
 .text.Default_Handler
                0x080028f0        0x2 startup/startup_stm32.o
                0x080028f0                EXTI2_IRQHandler
                0x080028f0                TIM8_TRG_COM_IRQHandler
                0x080028f0                TIM8_CC_IRQHandler
                0x080028f0                DebugMon_Handler
                0x080028f0                TIM1_CC_IRQHandler
                0x080028f0                HardFault_Handler
                0x080028f0                TIM6_IRQHandler
                0x080028f0                PVD_IRQHandler
                0x080028f0                SDIO_IRQHandler
                0x080028f0                PendSV_Handler
                0x080028f0                NMI_Handler
                0x080028f0                EXTI3_IRQHandler
                0x080028f0                USB_HP_CAN_TX_IRQHandler
                0x080028f0                EXTI0_IRQHandler
                0x080028f0                I2C2_EV_IRQHandler
                0x080028f0                UsageFault_Handler
                0x080028f0                ADC1_2_IRQHandler
                0x080028f0                SPI1_IRQHandler
                0x080028f0                CAN_SCE_IRQHandler
                0x080028f0                TAMPER_IRQHandler
                0x080028f0                TIM8_UP_IRQHandler
                0x080028f0                DMA2_Channel2_IRQHandler
                0x080028f0                DMA1_Channel4_IRQHandler
                0x080028f0                USART3_IRQHandler
                0x080028f0                RTC_IRQHandler
                0x080028f0                DMA1_Channel7_IRQHandler
                0x080028f0                UART5_IRQHandler
                0x080028f0                ADC3_IRQHandler
                0x080028f0                TIM4_IRQHandler
                0x080028f0                CAN_RX1_IRQHandler
                0x080028f0                DMA2_Channel1_IRQHandler
                0x080028f0                I2C1_EV_IRQHandler
                0x080028f0                DMA1_Channel6_IRQHandler
                0x080028f0                UART4_IRQHandler
                0x080028f0                TIM3_IRQHandler
                0x080028f0                RCC_IRQHandler
                0x080028f0                TIM1_TRG_COM_IRQHandler
                0x080028f0                DMA1_Channel1_IRQHandler
                0x080028f0                Default_Handler
                0x080028f0                EXTI15_10_IRQHandler
                0x080028f0                TIM7_IRQHandler
                0x080028f0                TIM5_IRQHandler
                0x080028f0                EXTI9_5_IRQHandler
                0x080028f0                SPI2_IRQHandler
                0x080028f0                USB_LP_CAN_RX0_IRQHandler
                0x080028f0                MemManage_Handler
                0x080028f0                SVC_Handler
                0x080028f0                DMA1_Channel5_IRQHandler
                0x080028f0                EXTI4_IRQHandler
                0x080028f0                DMA1_Channel3_IRQHandler
                0x080028f0                FSMC_IRQHandler
                0x080028f0                TIM1_UP_IRQHandler
                0x080028f0                WWDG_IRQHandler
                0x080028f0                TIM2_IRQHandler
                0x080028f0                TIM1_BRK_IRQHandler
                0x080028f0                EXTI1_IRQHandler
                0x080028f0                RTCAlarm_IRQHandler
                0x080028f0                DMA2_Channel4_5_IRQHandler
                0x080028f0                USART2_IRQHandler
                0x080028f0                I2C2_ER_IRQHandler
                0x080028f0                DMA1_Channel2_IRQHandler
                0x080028f0                TIM8_BRK_IRQHandler
                0x080028f0                FLASH_IRQHandler
                0x080028f0                BusFault_Handler
                0x080028f0                USART1_IRQHandler
                0x080028f0                SPI3_IRQHandler
                0x080028f0                I2C1_ER_IRQHandler
                0x080028f0                DMA2_Channel3_IRQHandler
 *fill*         0x080028f2        0x2 
 .text.__libc_init_array
                0x080028f4       0x48 c:/ac6/systemworkbench/plugins/fr.ac6.mcu.externaltools.arm-none.win32_1.17.0.201812190825/tools/compiler/bin/../lib/gcc/arm-none-eabi/7.3.1/../../../../arm-none-eabi/lib/thumb/v7-m\libc.a(lib_a-init.o)
                0x080028f4                __libc_init_array
 .text.startup.register_fini
                0x0800293c       0x14 c:/ac6/systemworkbench/plugins/fr.ac6.mcu.externaltools.arm-none.win32_1.17.0.201812190825/tools/compiler/bin/../lib/gcc/arm-none-eabi/7.3.1/../../../../arm-none-eabi/lib/thumb/v7-m\libc.a(lib_a-__call_atexit.o)
 .text.atexit   0x08002950        0xc c:/ac6/systemworkbench/plugins/fr.ac6.mcu.externaltools.arm-none.win32_1.17.0.201812190825/tools/compiler/bin/../lib/gcc/arm-none-eabi/7.3.1/../../../../arm-none-eabi/lib/thumb/v7-m\libc.a(lib_a-atexit.o)
                0x08002950                atexit
 .text.__libc_fini_array
                0x0800295c       0x34 c:/ac6/systemworkbench/plugins/fr.ac6.mcu.externaltools.arm-none.win32_1.17.0.201812190825/tools/compiler/bin/../lib/gcc/arm-none-eabi/7.3.1/../../../../arm-none-eabi/lib/thumb/v7-m\libc.a(lib_a-fini.o)
                0x0800295c                __libc_fini_array
 .text.__retarget_lock_acquire_recursive
                0x08002990        0x4 c:/ac6/systemworkbench/plugins/fr.ac6.mcu.externaltools.arm-none.win32_1.17.0.201812190825/tools/compiler/bin/../lib/gcc/arm-none-eabi/7.3.1/../../../../arm-none-eabi/lib/thumb/v7-m\libc.a(lib_a-lock.o)
                0x08002990                __retarget_lock_acquire_recursive
 .text.__retarget_lock_release_recursive
                0x08002994        0x4 c:/ac6/systemworkbench/plugins/fr.ac6.mcu.externaltools.arm-none.win32_1.17.0.201812190825/tools/compiler/bin/../lib/gcc/arm-none-eabi/7.3.1/../../../../arm-none-eabi/lib/thumb/v7-m\libc.a(lib_a-lock.o)
                0x08002994                __retarget_lock_release_recursive
 .text.__register_exitproc
                0x08002998       0xc0 c:/ac6/systemworkbench/plugins/fr.ac6.mcu.externaltools.arm-none.win32_1.17.0.201812190825/tools/compiler/bin/../lib/gcc/arm-none-eabi/7.3.1/../../../../arm-none-eabi/lib/thumb/v7-m\libc.a(lib_a-__atexit.o)
                0x08002998                __register_exitproc
 *(.glue_7)
 .glue_7        0x08002a58        0x0 linker stubs
 *(.glue_7t)
 .glue_7t       0x08002a58        0x0 linker stubs
 *(.eh_frame)
 .eh_frame      0x08002a58        0x0 c:/ac6/systemworkbench/plugins/fr.ac6.mcu.externaltools.arm-none.win32_1.17.0.201812190825/tools/compiler/bin/../lib/gcc/arm-none-eabi/7.3.1/thumb/v7-m/crtbegin.o
 *(.init)
 .init          0x08002a58        0x4 c:/ac6/systemworkbench/plugins/fr.ac6.mcu.externaltools.arm-none.win32_1.17.0.201812190825/tools/compiler/bin/../lib/gcc/arm-none-eabi/7.3.1/thumb/v7-m/crti.o
                0x08002a58                _init
 .init          0x08002a5c        0x8 c:/ac6/systemworkbench/plugins/fr.ac6.mcu.externaltools.arm-none.win32_1.17.0.201812190825/tools/compiler/bin/../lib/gcc/arm-none-eabi/7.3.1/thumb/v7-m/crtn.o
 *(.fini)
 .fini          0x08002a64        0x4 c:/ac6/systemworkbench/plugins/fr.ac6.mcu.externaltools.arm-none.win32_1.17.0.201812190825/tools/compiler/bin/../lib/gcc/arm-none-eabi/7.3.1/thumb/v7-m/crti.o
                0x08002a64                _fini
 .fini          0x08002a68        0x8 c:/ac6/systemworkbench/plugins/fr.ac6.mcu.externaltools.arm-none.win32_1.17.0.201812190825/tools/compiler/bin/../lib/gcc/arm-none-eabi/7.3.1/thumb/v7-m/crtn.o
                0x08002a70                . = ALIGN (0x4)
                0x08002a70                _etext = .

.vfp11_veneer   0x08002a70        0x0
 .vfp11_veneer  0x08002a70        0x0 linker stubs

.v4_bx          0x08002a70        0x0
 .v4_bx         0x08002a70        0x0 linker stubs

.iplt           0x08002a70        0x0
 .iplt          0x08002a70        0x0 c:/ac6/systemworkbench/plugins/fr.ac6.mcu.externaltools.arm-none.win32_1.17.0.201812190825/tools/compiler/bin/../lib/gcc/arm-none-eabi/7.3.1/thumb/v7-m/crtbegin.o

.rodata         0x08002a70        0x4
                0x08002a70                . = ALIGN (0x4)
 *(.rodata)
 *(.rodata*)
 .rodata._global_impure_ptr
                0x08002a70        0x4 c:/ac6/systemworkbench/plugins/fr.ac6.mcu.externaltools.arm-none.win32_1.17.0.201812190825/tools/compiler/bin/../lib/gcc/arm-none-eabi/7.3.1/../../../../arm-none-eabi/lib/thumb/v7-m\libc.a(lib_a-impure.o)
                0x08002a70                _global_impure_ptr
                0x08002a74                . = ALIGN (0x4)

.rel.dyn        0x08002a74        0x0
 .rel.iplt      0x08002a74        0x0 c:/ac6/systemworkbench/plugins/fr.ac6.mcu.externaltools.arm-none.win32_1.17.0.201812190825/tools/compiler/bin/../lib/gcc/arm-none-eabi/7.3.1/thumb/v7-m/crtbegin.o

.ARM.extab      0x08002a74        0x0
                0x08002a74                . = ALIGN (0x4)
 *(.ARM.extab* .gnu.linkonce.armextab.*)
                0x08002a74                . = ALIGN (0x4)

.ARM            0x08002a74        0x0
                0x08002a74                . = ALIGN (0x4)
                0x08002a74                __exidx_start = .
 *(.ARM.exidx*)
                0x08002a74                __exidx_end = .
                0x08002a74                . = ALIGN (0x4)

.preinit_array  0x08002a74        0x0
                0x08002a74                . = ALIGN (0x4)
                0x08002a74                PROVIDE (__preinit_array_start = .)
 *(.preinit_array*)
                0x08002a74                PROVIDE (__preinit_array_end = .)
                0x08002a74                . = ALIGN (0x4)

.init_array     0x08002a74        0x8
                0x08002a74                . = ALIGN (0x4)
                0x08002a74                PROVIDE (__init_array_start = .)
 *(SORT_BY_NAME(.init_array.*))
 .init_array.00000
                0x08002a74        0x4 c:/ac6/systemworkbench/plugins/fr.ac6.mcu.externaltools.arm-none.win32_1.17.0.201812190825/tools/compiler/bin/../lib/gcc/arm-none-eabi/7.3.1/../../../../arm-none-eabi/lib/thumb/v7-m\libc.a(lib_a-__call_atexit.o)
 *(.init_array*)
 .init_array    0x08002a78        0x4 c:/ac6/systemworkbench/plugins/fr.ac6.mcu.externaltools.arm-none.win32_1.17.0.201812190825/tools/compiler/bin/../lib/gcc/arm-none-eabi/7.3.1/thumb/v7-m/crtbegin.o
                0x08002a7c                PROVIDE (__init_array_end = .)
                0x08002a7c                . = ALIGN (0x4)

.fini_array     0x08002a7c        0x4
                0x08002a7c                . = ALIGN (0x4)
                0x08002a7c                PROVIDE (__fini_array_start = .)
 *(SORT_BY_NAME(.fini_array.*))
 *(.fini_array*)
 .fini_array    0x08002a7c        0x4 c:/ac6/systemworkbench/plugins/fr.ac6.mcu.externaltools.arm-none.win32_1.17.0.201812190825/tools/compiler/bin/../lib/gcc/arm-none-eabi/7.3.1/thumb/v7-m/crtbegin.o
                0x08002a80                PROVIDE (__fini_array_end = .)
                0x08002a80                . = ALIGN (0x4)
                0x08002a80                _sidata = LOADADDR (.data)

.data           0x20000000      0x454 load address 0x08002a80
                0x20000000                . = ALIGN (0x4)
                0x20000000                _sdata = .
 *(.data)
 .data          0x20000000       0x14 StdPeriph_Driver/src/stm32f10x_rcc.o
 .data          0x20000014       0x14 src/system_stm32f10x.o
                0x20000014                SystemCoreClock
                0x20000018                AHBPrescTable
 *(.data*)
 .data.impure_data
                0x20000028      0x428 c:/ac6/systemworkbench/plugins/fr.ac6.mcu.externaltools.arm-none.win32_1.17.0.201812190825/tools/compiler/bin/../lib/gcc/arm-none-eabi/7.3.1/../../../../arm-none-eabi/lib/thumb/v7-m\libc.a(lib_a-impure.o)
 .data.__atexit_recursive_mutex
                0x20000450        0x4 c:/ac6/systemworkbench/plugins/fr.ac6.mcu.externaltools.arm-none.win32_1.17.0.201812190825/tools/compiler/bin/../lib/gcc/arm-none-eabi/7.3.1/../../../../arm-none-eabi/lib/thumb/v7-m\libc.a(lib_a-__call_atexit.o)
                0x20000450                __atexit_recursive_mutex
                0x20000454                . = ALIGN (0x4)
                0x20000454                _edata = .

.igot.plt       0x20000454        0x0 load address 0x08002ed4
 .igot.plt      0x20000454        0x0 c:/ac6/systemworkbench/plugins/fr.ac6.mcu.externaltools.arm-none.win32_1.17.0.201812190825/tools/compiler/bin/../lib/gcc/arm-none-eabi/7.3.1/thumb/v7-m/crtbegin.o
                0x20000454                . = ALIGN (0x4)

.bss            0x20000454       0x4c load address 0x08002ed4
                0x20000454                _sbss = .
                0x20000454                __bss_start__ = _sbss
 *(.bss)
 .bss           0x20000454       0x1c c:/ac6/systemworkbench/plugins/fr.ac6.mcu.externaltools.arm-none.win32_1.17.0.201812190825/tools/compiler/bin/../lib/gcc/arm-none-eabi/7.3.1/thumb/v7-m/crtbegin.o
 .bss           0x20000470        0xc src/main.o
                0x20000470                timer_ms
                0x20000474                flag
                0x20000478                tik
 *(.bss*)
 *(COMMON)
 COMMON         0x2000047c       0x21 c:/ac6/systemworkbench/plugins/fr.ac6.mcu.externaltools.arm-none.win32_1.17.0.201812190825/tools/compiler/bin/../lib/gcc/arm-none-eabi/7.3.1/../../../../arm-none-eabi/lib/thumb/v7-m\libc.a(lib_a-lock.o)
                0x2000047c                __lock___atexit_recursive_mutex
                0x20000480                __lock___arc4random_mutex
                0x20000484                __lock___env_recursive_mutex
                0x20000488                __lock___sinit_recursive_mutex
                0x2000048c                __lock___malloc_recursive_mutex
                0x20000490                __lock___at_quick_exit_mutex
                0x20000494                __lock___dd_hash_mutex
                0x20000498                __lock___tz_mutex
                0x2000049c                __lock___sfp_recursive_mutex
                0x200004a0                . = ALIGN (0x4)
 *fill*         0x2000049d        0x3 
                0x200004a0                _ebss = .
                0x200004a0                __bss_end__ = _ebss

._user_heap_stack
                0x200004a0      0x400 load address 0x08002ed4
                0x200004a0                . = ALIGN (0x8)
                0x200004a0                PROVIDE (end = .)
                [!provide]                PROVIDE (_end = .)
                0x200004a0                . = (. + _Min_Heap_Size)
                0x200008a0                . = (. + _Min_Stack_Size)
 *fill*         0x200004a0      0x400 
                0x200008a0                . = ALIGN (0x8)

/DISCARD/
 libc.a(*)
 libm.a(*)
 libgcc.a(*)

.ARM.attributes
                0x00000000       0x29
 *(.ARM.attributes)
 .ARM.attributes
                0x00000000       0x1d c:/ac6/systemworkbench/plugins/fr.ac6.mcu.externaltools.arm-none.win32_1.17.0.201812190825/tools/compiler/bin/../lib/gcc/arm-none-eabi/7.3.1/thumb/v7-m/crti.o
 .ARM.attributes
                0x0000001d       0x2d c:/ac6/systemworkbench/plugins/fr.ac6.mcu.externaltools.arm-none.win32_1.17.0.201812190825/tools/compiler/bin/../lib/gcc/arm-none-eabi/7.3.1/thumb/v7-m/crtbegin.o
 .ARM.attributes
                0x0000004a       0x33 StdPeriph_Driver/src/misc.o
 .ARM.attributes
                0x0000007d       0x33 StdPeriph_Driver/src/stm32f10x_adc.o
 .ARM.attributes
                0x000000b0       0x33 StdPeriph_Driver/src/stm32f10x_gpio.o
 .ARM.attributes
                0x000000e3       0x33 StdPeriph_Driver/src/stm32f10x_rcc.o
 .ARM.attributes
                0x00000116       0x33 StdPeriph_Driver/src/stm32f10x_tim.o
 .ARM.attributes
                0x00000149       0x33 StdPeriph_Driver/src/stm32f10x_usart.o
 .ARM.attributes
                0x0000017c       0x33 src/main.o
 .ARM.attributes
                0x000001af       0x33 src/system_stm32f10x.o
 .ARM.attributes
                0x000001e2       0x33 src/uart/uart.o
 .ARM.attributes
                0x00000215       0x21 startup/startup_stm32.o
 .ARM.attributes
                0x00000236       0x2d c:/ac6/systemworkbench/plugins/fr.ac6.mcu.externaltools.arm-none.win32_1.17.0.201812190825/tools/compiler/bin/../lib/gcc/arm-none-eabi/7.3.1/../../../../arm-none-eabi/lib/thumb/v7-m\libc.a(lib_a-impure.o)
 .ARM.attributes
                0x00000263       0x2d c:/ac6/systemworkbench/plugins/fr.ac6.mcu.externaltools.arm-none.win32_1.17.0.201812190825/tools/compiler/bin/../lib/gcc/arm-none-eabi/7.3.1/../../../../arm-none-eabi/lib/thumb/v7-m\libc.a(lib_a-init.o)
 .ARM.attributes
                0x00000290       0x2d c:/ac6/systemworkbench/plugins/fr.ac6.mcu.externaltools.arm-none.win32_1.17.0.201812190825/tools/compiler/bin/../lib/gcc/arm-none-eabi/7.3.1/../../../../arm-none-eabi/lib/thumb/v7-m\libc.a(lib_a-__call_atexit.o)
 .ARM.attributes
                0x000002bd       0x2d c:/ac6/systemworkbench/plugins/fr.ac6.mcu.externaltools.arm-none.win32_1.17.0.201812190825/tools/compiler/bin/../lib/gcc/arm-none-eabi/7.3.1/../../../../arm-none-eabi/lib/thumb/v7-m\libc.a(lib_a-atexit.o)
 .ARM.attributes
                0x000002ea       0x2d c:/ac6/systemworkbench/plugins/fr.ac6.mcu.externaltools.arm-none.win32_1.17.0.201812190825/tools/compiler/bin/../lib/gcc/arm-none-eabi/7.3.1/../../../../arm-none-eabi/lib/thumb/v7-m\libc.a(lib_a-fini.o)
 .ARM.attributes
                0x00000317       0x2d c:/ac6/systemworkbench/plugins/fr.ac6.mcu.externaltools.arm-none.win32_1.17.0.201812190825/tools/compiler/bin/../lib/gcc/arm-none-eabi/7.3.1/../../../../arm-none-eabi/lib/thumb/v7-m\libc.a(lib_a-lock.o)
 .ARM.attributes
                0x00000344       0x2d c:/ac6/systemworkbench/plugins/fr.ac6.mcu.externaltools.arm-none.win32_1.17.0.201812190825/tools/compiler/bin/../lib/gcc/arm-none-eabi/7.3.1/../../../../arm-none-eabi/lib/thumb/v7-m\libc.a(lib_a-__atexit.o)
 .ARM.attributes
                0x00000371       0x1d c:/ac6/systemworkbench/plugins/fr.ac6.mcu.externaltools.arm-none.win32_1.17.0.201812190825/tools/compiler/bin/../lib/gcc/arm-none-eabi/7.3.1/thumb/v7-m/crtn.o
OUTPUT(line.elf elf32-littlearm)

.debug_info     0x00000000     0x6d6f
 .debug_info    0x00000000      0x4e7 StdPeriph_Driver/src/misc.o
 .debug_info    0x000004e7      0xb70 StdPeriph_Driver/src/stm32f10x_adc.o
 .debug_info    0x00001057      0x6ec StdPeriph_Driver/src/stm32f10x_gpio.o
 .debug_info    0x00001743      0x89c StdPeriph_Driver/src/stm32f10x_rcc.o
 .debug_info    0x00001fdf     0x1c54 StdPeriph_Driver/src/stm32f10x_tim.o
 .debug_info    0x00003c33      0x9e4 StdPeriph_Driver/src/stm32f10x_usart.o
 .debug_info    0x00004617     0x1608 src/main.o
 .debug_info    0x00005c1f      0x450 src/system_stm32f10x.o
 .debug_info    0x0000606f      0xcde src/uart/uart.o
 .debug_info    0x00006d4d       0x22 startup/startup_stm32.o

.debug_abbrev   0x00000000     0x11d3
 .debug_abbrev  0x00000000      0x186 StdPeriph_Driver/src/misc.o
 .debug_abbrev  0x00000186      0x1b0 StdPeriph_Driver/src/stm32f10x_adc.o
 .debug_abbrev  0x00000336      0x1e4 StdPeriph_Driver/src/stm32f10x_gpio.o
 .debug_abbrev  0x0000051a      0x1d4 StdPeriph_Driver/src/stm32f10x_rcc.o
 .debug_abbrev  0x000006ee      0x1c8 StdPeriph_Driver/src/stm32f10x_tim.o
 .debug_abbrev  0x000008b6      0x194 StdPeriph_Driver/src/stm32f10x_usart.o
 .debug_abbrev  0x00000a4a      0x36a src/main.o
 .debug_abbrev  0x00000db4      0x19e src/system_stm32f10x.o
 .debug_abbrev  0x00000f52      0x26f src/uart/uart.o
 .debug_abbrev  0x000011c1       0x12 startup/startup_stm32.o

.debug_aranges  0x00000000      0x878
 .debug_aranges
                0x00000000       0x40 StdPeriph_Driver/src/misc.o
 .debug_aranges
                0x00000040      0x138 StdPeriph_Driver/src/stm32f10x_adc.o
 .debug_aranges
                0x00000178       0xa8 StdPeriph_Driver/src/stm32f10x_gpio.o
 .debug_aranges
                0x00000220      0x118 StdPeriph_Driver/src/stm32f10x_rcc.o
 .debug_aranges
                0x00000338      0x2f0 StdPeriph_Driver/src/stm32f10x_tim.o
 .debug_aranges
                0x00000628      0x100 StdPeriph_Driver/src/stm32f10x_usart.o
 .debug_aranges
                0x00000728       0xa0 src/main.o
 .debug_aranges
                0x000007c8       0x38 src/system_stm32f10x.o
 .debug_aranges
                0x00000800       0x50 src/uart/uart.o
 .debug_aranges
                0x00000850       0x28 startup/startup_stm32.o

.debug_ranges   0x00000000      0x7e0
 .debug_ranges  0x00000000       0x30 StdPeriph_Driver/src/misc.o
 .debug_ranges  0x00000030      0x128 StdPeriph_Driver/src/stm32f10x_adc.o
 .debug_ranges  0x00000158       0x98 StdPeriph_Driver/src/stm32f10x_gpio.o
 .debug_ranges  0x000001f0      0x108 StdPeriph_Driver/src/stm32f10x_rcc.o
 .debug_ranges  0x000002f8      0x2e0 StdPeriph_Driver/src/stm32f10x_tim.o
 .debug_ranges  0x000005d8       0xf0 StdPeriph_Driver/src/stm32f10x_usart.o
 .debug_ranges  0x000006c8       0x90 src/main.o
 .debug_ranges  0x00000758       0x28 src/system_stm32f10x.o
 .debug_ranges  0x00000780       0x40 src/uart/uart.o
 .debug_ranges  0x000007c0       0x20 startup/startup_stm32.o

.debug_macro    0x00000000     0xe458
 .debug_macro   0x00000000      0x18b StdPeriph_Driver/src/misc.o
 .debug_macro   0x0000018b       0x56 StdPeriph_Driver/src/misc.o
 .debug_macro   0x000001e1       0x22 StdPeriph_Driver/src/misc.o
 .debug_macro   0x00000203      0x69f StdPeriph_Driver/src/misc.o
 .debug_macro   0x000008a2     0x7dbe StdPeriph_Driver/src/misc.o
 .debug_macro   0x00008660      0x2df StdPeriph_Driver/src/misc.o
 .debug_macro   0x0000893f      0x144 StdPeriph_Driver/src/misc.o
 .debug_macro   0x00008a83      0x3cf StdPeriph_Driver/src/misc.o
 .debug_macro   0x00008e52       0xc8 StdPeriph_Driver/src/misc.o
 .debug_macro   0x00008f1a      0x17a StdPeriph_Driver/src/misc.o
 .debug_macro   0x00009094       0xac StdPeriph_Driver/src/misc.o
 .debug_macro   0x00009140      0x3ad StdPeriph_Driver/src/misc.o
 .debug_macro   0x000094ed       0x9a StdPeriph_Driver/src/misc.o
 .debug_macro   0x00009587      0x2cf StdPeriph_Driver/src/misc.o
 .debug_macro   0x00009856      0x279 StdPeriph_Driver/src/misc.o
 .debug_macro   0x00009acf      0x2ac StdPeriph_Driver/src/misc.o
 .debug_macro   0x00009d7b      0x2b1 StdPeriph_Driver/src/misc.o
 .debug_macro   0x0000a02c       0x64 StdPeriph_Driver/src/misc.o
 .debug_macro   0x0000a090       0x82 StdPeriph_Driver/src/misc.o
 .debug_macro   0x0000a112      0x3e2 StdPeriph_Driver/src/misc.o
 .debug_macro   0x0000a4f4       0x58 StdPeriph_Driver/src/misc.o
 .debug_macro   0x0000a54c      0x341 StdPeriph_Driver/src/misc.o
 .debug_macro   0x0000a88d      0x2c4 StdPeriph_Driver/src/misc.o
 .debug_macro   0x0000ab51      0x711 StdPeriph_Driver/src/misc.o
 .debug_macro   0x0000b262      0x220 StdPeriph_Driver/src/misc.o
 .debug_macro   0x0000b482       0x34 StdPeriph_Driver/src/misc.o
 .debug_macro   0x0000b4b6       0x35 StdPeriph_Driver/src/misc.o
 .debug_macro   0x0000b4eb       0x85 StdPeriph_Driver/src/misc.o
 .debug_macro   0x0000b570      0x285 StdPeriph_Driver/src/stm32f10x_adc.o
 .debug_macro   0x0000b7f5      0x13e StdPeriph_Driver/src/stm32f10x_adc.o
 .debug_macro   0x0000b933       0x8b StdPeriph_Driver/src/stm32f10x_adc.o
 .debug_macro   0x0000b9be      0x1d7 StdPeriph_Driver/src/stm32f10x_gpio.o
 .debug_macro   0x0000bb95      0x2a6 StdPeriph_Driver/src/stm32f10x_gpio.o
 .debug_macro   0x0000be3b      0x2a1 StdPeriph_Driver/src/stm32f10x_rcc.o
 .debug_macro   0x0000c0dc      0x3dc StdPeriph_Driver/src/stm32f10x_rcc.o
 .debug_macro   0x0000c4b8      0x1a1 StdPeriph_Driver/src/stm32f10x_tim.o
 .debug_macro   0x0000c659      0x70b StdPeriph_Driver/src/stm32f10x_tim.o
 .debug_macro   0x0000cd64      0x23d StdPeriph_Driver/src/stm32f10x_usart.o
 .debug_macro   0x0000cfa1      0x21a StdPeriph_Driver/src/stm32f10x_usart.o
 .debug_macro   0x0000d1bb      0x222 src/main.o
 .debug_macro   0x0000d3dd       0x58 src/main.o
 .debug_macro   0x0000d435       0x18 src/main.o
 .debug_macro   0x0000d44d       0x94 src/main.o
 .debug_macro   0x0000d4e1       0x35 src/main.o
 .debug_macro   0x0000d516       0x34 src/main.o
 .debug_macro   0x0000d54a      0x174 src/main.o
 .debug_macro   0x0000d6be       0x57 src/main.o
 .debug_macro   0x0000d715       0x58 src/main.o
 .debug_macro   0x0000d76d       0x1f src/main.o
 .debug_macro   0x0000d78c       0x43 src/main.o
 .debug_macro   0x0000d7cf       0x20 src/main.o
 .debug_macro   0x0000d7ef      0x18e src/main.o
 .debug_macro   0x0000d97d      0x330 src/main.o
 .debug_macro   0x0000dcad      0x1e1 src/main.o
 .debug_macro   0x0000de8e      0x188 src/system_stm32f10x.o
 .debug_macro   0x0000e016      0x249 src/uart/uart.o
 .debug_macro   0x0000e25f       0x5e src/uart/uart.o
 .debug_macro   0x0000e2bd      0x10e src/uart/uart.o
 .debug_macro   0x0000e3cb       0x8d src/uart/uart.o

.debug_line     0x00000000     0x4a57
 .debug_line    0x00000000      0x5c2 StdPeriph_Driver/src/misc.o
 .debug_line    0x000005c2      0x8ae StdPeriph_Driver/src/stm32f10x_adc.o
 .debug_line    0x00000e70      0x743 StdPeriph_Driver/src/stm32f10x_gpio.o
 .debug_line    0x000015b3      0x83f StdPeriph_Driver/src/stm32f10x_rcc.o
 .debug_line    0x00001df2      0xec4 StdPeriph_Driver/src/stm32f10x_tim.o
 .debug_line    0x00002cb6      0x811 StdPeriph_Driver/src/stm32f10x_usart.o
 .debug_line    0x000034c7      0x87c src/main.o
 .debug_line    0x00003d43      0x5f8 src/system_stm32f10x.o
 .debug_line    0x0000433b      0x6a0 src/uart/uart.o
 .debug_line    0x000049db       0x7c startup/startup_stm32.o

.debug_str      0x00000000    0x53fa0
 .debug_str     0x00000000    0x4d2b5 StdPeriph_Driver/src/misc.o
                              0x4d42d (size before relaxing)
 .debug_str     0x0004d2b5      0xb7e StdPeriph_Driver/src/stm32f10x_adc.o
                              0x4dd81 (size before relaxing)
 .debug_str     0x0004de33      0x5a4 StdPeriph_Driver/src/stm32f10x_gpio.o
                              0x4d7a5 (size before relaxing)
 .debug_str     0x0004e3d7      0xb59 StdPeriph_Driver/src/stm32f10x_rcc.o
                              0x4dd8b (size before relaxing)
 .debug_str     0x0004ef30      0xc15 StdPeriph_Driver/src/stm32f10x_tim.o
                              0x4dea9 (size before relaxing)
 .debug_str     0x0004fb45      0x7e9 StdPeriph_Driver/src/stm32f10x_usart.o
                              0x4dab5 (size before relaxing)
 .debug_str     0x0005032e     0x3a1d src/main.o
                              0x5123c (size before relaxing)
 .debug_str     0x00053d4b       0xad src/system_stm32f10x.o
                              0x4d33c (size before relaxing)
 .debug_str     0x00053df8      0x17f src/uart/uart.o
                              0x503b7 (size before relaxing)
 .debug_str     0x00053f77       0x29 startup/startup_stm32.o
                                 0x4f (size before relaxing)

.comment        0x00000000       0x7f
 .comment       0x00000000       0x7f StdPeriph_Driver/src/misc.o
                                 0x80 (size before relaxing)
 .comment       0x0000007f       0x80 StdPeriph_Driver/src/stm32f10x_adc.o
 .comment       0x0000007f       0x80 StdPeriph_Driver/src/stm32f10x_gpio.o
 .comment       0x0000007f       0x80 StdPeriph_Driver/src/stm32f10x_rcc.o
 .comment       0x0000007f       0x80 StdPeriph_Driver/src/stm32f10x_tim.o
 .comment       0x0000007f       0x80 StdPeriph_Driver/src/stm32f10x_usart.o
 .comment       0x0000007f       0x80 src/main.o
 .comment       0x0000007f       0x80 src/system_stm32f10x.o
 .comment       0x0000007f       0x80 src/uart/uart.o

.debug_frame    0x00000000     0x26b4
 .debug_frame   0x00000000       0xd8 StdPeriph_Driver/src/misc.o
 .debug_frame   0x000000d8      0x5a4 StdPeriph_Driver/src/stm32f10x_adc.o
 .debug_frame   0x0000067c      0x2d0 StdPeriph_Driver/src/stm32f10x_gpio.o
 .debug_frame   0x0000094c      0x4f4 StdPeriph_Driver/src/stm32f10x_rcc.o
 .debug_frame   0x00000e40      0xe2c StdPeriph_Driver/src/stm32f10x_tim.o
 .debug_frame   0x00001c6c      0x490 StdPeriph_Driver/src/stm32f10x_usart.o
 .debug_frame   0x000020fc      0x254 src/main.o
 .debug_frame   0x00002350       0x98 src/system_stm32f10x.o
 .debug_frame   0x000023e8      0x10c src/uart/uart.o
 .debug_frame   0x000024f4       0x2c c:/ac6/systemworkbench/plugins/fr.ac6.mcu.externaltools.arm-none.win32_1.17.0.201812190825/tools/compiler/bin/../lib/gcc/arm-none-eabi/7.3.1/../../../../arm-none-eabi/lib/thumb/v7-m\libc.a(lib_a-init.o)
 .debug_frame   0x00002520       0x5c c:/ac6/systemworkbench/plugins/fr.ac6.mcu.externaltools.arm-none.win32_1.17.0.201812190825/tools/compiler/bin/../lib/gcc/arm-none-eabi/7.3.1/../../../../arm-none-eabi/lib/thumb/v7-m\libc.a(lib_a-__call_atexit.o)
 .debug_frame   0x0000257c       0x20 c:/ac6/systemworkbench/plugins/fr.ac6.mcu.externaltools.arm-none.win32_1.17.0.201812190825/tools/compiler/bin/../lib/gcc/arm-none-eabi/7.3.1/../../../../arm-none-eabi/lib/thumb/v7-m\libc.a(lib_a-atexit.o)
 .debug_frame   0x0000259c       0x34 c:/ac6/systemworkbench/plugins/fr.ac6.mcu.externaltools.arm-none.win32_1.17.0.201812190825/tools/compiler/bin/../lib/gcc/arm-none-eabi/7.3.1/../../../../arm-none-eabi/lib/thumb/v7-m\libc.a(lib_a-fini.o)
 .debug_frame   0x000025d0       0xb0 c:/ac6/systemworkbench/plugins/fr.ac6.mcu.externaltools.arm-none.win32_1.17.0.201812190825/tools/compiler/bin/../lib/gcc/arm-none-eabi/7.3.1/../../../../arm-none-eabi/lib/thumb/v7-m\libc.a(lib_a-lock.o)
 .debug_frame   0x00002680       0x34 c:/ac6/systemworkbench/plugins/fr.ac6.mcu.externaltools.arm-none.win32_1.17.0.201812190825/tools/compiler/bin/../lib/gcc/arm-none-eabi/7.3.1/../../../../arm-none-eabi/lib/thumb/v7-m\libc.a(lib_a-__atexit.o)
